<!doctype html public "-//w3c//dtd html 4.0 transitional//en">
<html><head>
<title>Static Call Graph - [.\Objects\nxp_lpc43xx.axf]</title></head>
<body><HR>
<H1>Static Call Graph for image .\Objects\nxp_lpc43xx.axf</H1><HR>
<BR><P>#&#060CALLGRAPH&#062# ARM Linker, 5060422: Last Updated: Mon Jun 04 09:13:14 2018
<BR><P>
<H3>Maximum Stack Usage =       1132 bytes + Unknown(Functions without stacksize, Cycles, Untraceable Function Pointers)</H3><H3>
Call chain for Maximum Stack Depth:</H3>
flash_program &rArr; cacuate_crc32 &rArr; __aeabi_memclr4
<P>
<H3>
Functions with no stack information
</H3><UL>
 <LI><a href="#[62]">__user_initial_stackheap</a>
</UL>
</UL>
<P>
<H3>
Mutually Recursive functions
</H3> <LI><a href="#[4]">NMI_Handler</a>&nbsp;&nbsp;&nbsp;&rArr;&nbsp;&nbsp;&nbsp;<a href="#[4]">NMI_Handler</a><BR>
 <LI><a href="#[5]">HardFault_Handler</a>&nbsp;&nbsp;&nbsp;&rArr;&nbsp;&nbsp;&nbsp;<a href="#[5]">HardFault_Handler</a><BR>
 <LI><a href="#[6]">MemManage_Handler</a>&nbsp;&nbsp;&nbsp;&rArr;&nbsp;&nbsp;&nbsp;<a href="#[6]">MemManage_Handler</a><BR>
 <LI><a href="#[7]">BusFault_Handler</a>&nbsp;&nbsp;&nbsp;&rArr;&nbsp;&nbsp;&nbsp;<a href="#[7]">BusFault_Handler</a><BR>
 <LI><a href="#[8]">UsageFault_Handler</a>&nbsp;&nbsp;&nbsp;&rArr;&nbsp;&nbsp;&nbsp;<a href="#[8]">UsageFault_Handler</a><BR>
 <LI><a href="#[9]">SVC_Handler</a>&nbsp;&nbsp;&nbsp;&rArr;&nbsp;&nbsp;&nbsp;<a href="#[9]">SVC_Handler</a><BR>
 <LI><a href="#[a]">DebugMon_Handler</a>&nbsp;&nbsp;&nbsp;&rArr;&nbsp;&nbsp;&nbsp;<a href="#[a]">DebugMon_Handler</a><BR>
 <LI><a href="#[b]">PendSV_Handler</a>&nbsp;&nbsp;&nbsp;&rArr;&nbsp;&nbsp;&nbsp;<a href="#[b]">PendSV_Handler</a><BR>
 <LI><a href="#[c]">SysTick_Handler</a>&nbsp;&nbsp;&nbsp;&rArr;&nbsp;&nbsp;&nbsp;<a href="#[c]">SysTick_Handler</a><BR>
 <LI><a href="#[1d]">ADC0_IRQHandler</a>&nbsp;&nbsp;&nbsp;&rArr;&nbsp;&nbsp;&nbsp;<a href="#[1d]">ADC0_IRQHandler</a><BR>
</UL>
<P>
<H3>
Function Pointers
</H3><UL>
 <LI><a href="#[1d]">ADC0_IRQHandler</a> from startup_lpc43xx.o(.text) referenced from startup_lpc43xx.o(RESET)
 <LI><a href="#[21]">ADC1_IRQHandler</a> from startup_lpc43xx.o(.text) referenced from startup_lpc43xx.o(RESET)
 <LI><a href="#[38]">ADCHS_IRQHandler</a> from startup_lpc43xx.o(.text) referenced from startup_lpc43xx.o(RESET)
 <LI><a href="#[39]">ATIMER_IRQHandler</a> from startup_lpc43xx.o(.text) referenced from startup_lpc43xx.o(RESET)
 <LI><a href="#[7]">BusFault_Handler</a> from startup_lpc43xx.o(.text) referenced from startup_lpc43xx.o(RESET)
 <LI><a href="#[3d]">C_CAN0_IRQHandler</a> from startup_lpc43xx.o(.text) referenced from startup_lpc43xx.o(RESET)
 <LI><a href="#[37]">C_CAN1_IRQHandler</a> from startup_lpc43xx.o(.text) referenced from startup_lpc43xx.o(RESET)
 <LI><a href="#[d]">DAC_IRQHandler</a> from startup_lpc43xx.o(.text) referenced from startup_lpc43xx.o(RESET)
 <LI><a href="#[f]">DMA_IRQHandler</a> from startup_lpc43xx.o(.text) referenced from startup_lpc43xx.o(RESET)
 <LI><a href="#[a]">DebugMon_Handler</a> from startup_lpc43xx.o(.text) referenced from startup_lpc43xx.o(RESET)
 <LI><a href="#[11]">ETHERNET_IRQHandler</a> from startup_lpc43xx.o(.text) referenced from startup_lpc43xx.o(RESET)
 <LI><a href="#[36]">EVENTROUTER_IRQHandler</a> from startup_lpc43xx.o(.text) referenced from startup_lpc43xx.o(RESET)
 <LI><a href="#[10]">FLASHEEPROM_IRQHandler</a> from startup_lpc43xx.o(.text) referenced from startup_lpc43xx.o(RESET)
 <LI><a href="#[34]">GINT0_IRQHandler</a> from startup_lpc43xx.o(.text) referenced from startup_lpc43xx.o(RESET)
 <LI><a href="#[35]">GINT1_IRQHandler</a> from startup_lpc43xx.o(.text) referenced from startup_lpc43xx.o(RESET)
 <LI><a href="#[5]">HardFault_Handler</a> from startup_lpc43xx.o(.text) referenced from startup_lpc43xx.o(RESET)
 <LI><a href="#[1e]">I2C0_IRQHandler</a> from startup_lpc43xx.o(.text) referenced from startup_lpc43xx.o(RESET)
 <LI><a href="#[1f]">I2C1_IRQHandler</a> from startup_lpc43xx.o(.text) referenced from startup_lpc43xx.o(RESET)
 <LI><a href="#[28]">I2S0_IRQHandler</a> from startup_lpc43xx.o(.text) referenced from startup_lpc43xx.o(RESET)
 <LI><a href="#[29]">I2S1_IRQHandler</a> from startup_lpc43xx.o(.text) referenced from startup_lpc43xx.o(RESET)
 <LI><a href="#[13]">LCD_IRQHandler</a> from startup_lpc43xx.o(.text) referenced from startup_lpc43xx.o(RESET)
 <LI><a href="#[e]">M0APP_IRQHandler</a> from startup_lpc43xx.o(.text) referenced from startup_lpc43xx.o(RESET)
 <LI><a href="#[3c]">M0SUB_IRQHandler</a> from startup_lpc43xx.o(.text) referenced from startup_lpc43xx.o(RESET)
 <LI><a href="#[1c]">MCPWM_IRQHandler</a> from startup_lpc43xx.o(.text) referenced from startup_lpc43xx.o(RESET)
 <LI><a href="#[6]">MemManage_Handler</a> from startup_lpc43xx.o(.text) referenced from startup_lpc43xx.o(RESET)
 <LI><a href="#[4]">NMI_Handler</a> from startup_lpc43xx.o(.text) referenced from startup_lpc43xx.o(RESET)
 <LI><a href="#[2c]">PIN_INT0_IRQHandler</a> from startup_lpc43xx.o(.text) referenced from startup_lpc43xx.o(RESET)
 <LI><a href="#[2d]">PIN_INT1_IRQHandler</a> from startup_lpc43xx.o(.text) referenced from startup_lpc43xx.o(RESET)
 <LI><a href="#[2e]">PIN_INT2_IRQHandler</a> from startup_lpc43xx.o(.text) referenced from startup_lpc43xx.o(RESET)
 <LI><a href="#[2f]">PIN_INT3_IRQHandler</a> from startup_lpc43xx.o(.text) referenced from startup_lpc43xx.o(RESET)
 <LI><a href="#[30]">PIN_INT4_IRQHandler</a> from startup_lpc43xx.o(.text) referenced from startup_lpc43xx.o(RESET)
 <LI><a href="#[31]">PIN_INT5_IRQHandler</a> from startup_lpc43xx.o(.text) referenced from startup_lpc43xx.o(RESET)
 <LI><a href="#[32]">PIN_INT6_IRQHandler</a> from startup_lpc43xx.o(.text) referenced from startup_lpc43xx.o(RESET)
 <LI><a href="#[33]">PIN_INT7_IRQHandler</a> from startup_lpc43xx.o(.text) referenced from startup_lpc43xx.o(RESET)
 <LI><a href="#[b]">PendSV_Handler</a> from startup_lpc43xx.o(.text) referenced from startup_lpc43xx.o(RESET)
 <LI><a href="#[3e]">QEI_IRQHandler</a> from startup_lpc43xx.o(.text) referenced from startup_lpc43xx.o(RESET)
 <LI><a href="#[17]">RITIMER_IRQHandler</a> from startup_lpc43xx.o(.text) referenced from startup_lpc43xx.o(RESET)
 <LI><a href="#[3a]">RTC_IRQHandler</a> from startup_lpc43xx.o(.text) referenced from startup_lpc43xx.o(RESET)
 <LI><a href="#[3]">Reset_Handler</a> from startup_lpc43xx.o(.text) referenced from startup_lpc43xx.o(RESET)
 <LI><a href="#[16]">SCT_IRQHandler</a> from startup_lpc43xx.o(.text) referenced from startup_lpc43xx.o(RESET)
 <LI><a href="#[12]">SDIO_IRQHandler</a> from startup_lpc43xx.o(.text) referenced from startup_lpc43xx.o(RESET)
 <LI><a href="#[2b]">SGPIO_IRQHandler</a> from startup_lpc43xx.o(.text) referenced from startup_lpc43xx.o(RESET)
 <LI><a href="#[2a]">SPIFI_IRQHandler</a> from startup_lpc43xx.o(.text) referenced from startup_lpc43xx.o(RESET)
 <LI><a href="#[20]">SPI_IRQHandler</a> from startup_lpc43xx.o(.text) referenced from startup_lpc43xx.o(RESET)
 <LI><a href="#[22]">SSP0_IRQHandler</a> from startup_lpc43xx.o(.text) referenced from startup_lpc43xx.o(RESET)
 <LI><a href="#[23]">SSP1_IRQHandler</a> from startup_lpc43xx.o(.text) referenced from startup_lpc43xx.o(RESET)
 <LI><a href="#[9]">SVC_Handler</a> from startup_lpc43xx.o(.text) referenced from startup_lpc43xx.o(RESET)
 <LI><a href="#[c]">SysTick_Handler</a> from startup_lpc43xx.o(.text) referenced from startup_lpc43xx.o(RESET)
 <LI><a href="#[3f]">SystemInit</a> from system_lpc43xx.o(i.SystemInit) referenced from startup_lpc43xx.o(.text)
 <LI><a href="#[18]">TIMER0_IRQHandler</a> from startup_lpc43xx.o(.text) referenced from startup_lpc43xx.o(RESET)
 <LI><a href="#[19]">TIMER1_IRQHandler</a> from startup_lpc43xx.o(.text) referenced from startup_lpc43xx.o(RESET)
 <LI><a href="#[1a]">TIMER2_IRQHandler</a> from startup_lpc43xx.o(.text) referenced from startup_lpc43xx.o(RESET)
 <LI><a href="#[1b]">TIMER3_IRQHandler</a> from startup_lpc43xx.o(.text) referenced from startup_lpc43xx.o(RESET)
 <LI><a href="#[25]">UART1_IRQHandler</a> from startup_lpc43xx.o(.text) referenced from startup_lpc43xx.o(RESET)
 <LI><a href="#[24]">USART0_IRQHandler</a> from startup_lpc43xx.o(.text) referenced from startup_lpc43xx.o(RESET)
 <LI><a href="#[26]">USART2_IRQHandler</a> from startup_lpc43xx.o(.text) referenced from startup_lpc43xx.o(RESET)
 <LI><a href="#[27]">USART3_IRQHandler</a> from startup_lpc43xx.o(.text) referenced from startup_lpc43xx.o(RESET)
 <LI><a href="#[14]">USB0_IRQHandler</a> from startup_lpc43xx.o(.text) referenced from startup_lpc43xx.o(RESET)
 <LI><a href="#[15]">USB1_IRQHandler</a> from startup_lpc43xx.o(.text) referenced from startup_lpc43xx.o(RESET)
 <LI><a href="#[8]">UsageFault_Handler</a> from startup_lpc43xx.o(.text) referenced from startup_lpc43xx.o(RESET)
 <LI><a href="#[3b]">WWDT_IRQHandler</a> from startup_lpc43xx.o(.text) referenced from startup_lpc43xx.o(RESET)
 <LI><a href="#[4f]">__main</a> from __main.o(!!!main) referenced from startup_lpc43xx.o(.text)
 <LI><a href="#[43]">eeprom_compare</a> from eeprom.o(i.eeprom_compare) referenced from eeprom.o(.data)
 <LI><a href="#[41]">eeprom_init</a> from eeprom.o(i.eeprom_init) referenced from eeprom.o(.data)
 <LI><a href="#[42]">eeprom_program</a> from eeprom.o(i.eeprom_program) referenced from eeprom.o(.data)
 <LI><a href="#[44]">eeprom_read</a> from eeprom.o(i.eeprom_read) referenced from eeprom.o(.data)
 <LI><a href="#[47]">flash_blankcheck</a> from flash.o(i.flash_blankcheck) referenced from flash.o(.data)
 <LI><a href="#[4a]">flash_compare</a> from flash.o(i.flash_compare) referenced from flash.o(.data)
 <LI><a href="#[48]">flash_erase</a> from flash.o(i.flash_erase) referenced from flash.o(.data)
 <LI><a href="#[46]">flash_idcheck</a> from flash.o(i.flash_idcheck) referenced from flash.o(.data)
 <LI><a href="#[49]">flash_program</a> from flash.o(i.flash_program) referenced from flash.o(.data)
 <LI><a href="#[4b]">flash_secure</a> from flash.o(i.flash_secure) referenced from flash.o(.data)
 <LI><a href="#[45]">iap_init</a> from flash.o(i.iap_init) referenced from flash.o(.data)
 <LI><a href="#[4e]">otp_compare</a> from otp.o(i.otp_compare) referenced from otp.o(.data)
 <LI><a href="#[4c]">otp_int</a> from otp.o(i.otp_int) referenced from otp.o(.data)
 <LI><a href="#[4d]">otp_program</a> from otp.o(i.otp_program) referenced from otp.o(.data)
</UL>
<P>
<H3>
Global Symbols
</H3>
<P><STRONG><a name="[4f]"></a>__main</STRONG> (Thumb, 8 bytes, Stack size 0 bytes, __main.o(!!!main))
<BR><BR>[Calls]<UL><LI><a href="#[51]">&gt;&gt;</a>&nbsp;&nbsp;&nbsp;__rt_entry
<LI><a href="#[50]">&gt;&gt;</a>&nbsp;&nbsp;&nbsp;__scatterload
</UL>

<P><STRONG><a name="[50]"></a>__scatterload</STRONG> (Thumb, 0 bytes, Stack size unknown bytes, __scatter.o(!!!scatter))
<BR><BR>[Called By]<UL><LI><a href="#[4f]">&gt;&gt;</a>&nbsp;&nbsp;&nbsp;__main
</UL>

<P><STRONG><a name="[52]"></a>__scatterload_rt2</STRONG> (Thumb, 44 bytes, Stack size unknown bytes, __scatter.o(!!!scatter), UNUSED)
<BR><BR>[Calls]<UL><LI><a href="#[51]">&gt;&gt;</a>&nbsp;&nbsp;&nbsp;__rt_entry
</UL>

<P><STRONG><a name="[6f]"></a>__scatterload_rt2_thumb_only</STRONG> (Thumb, 0 bytes, Stack size unknown bytes, __scatter.o(!!!scatter), UNUSED)

<P><STRONG><a name="[70]"></a>__scatterload_null</STRONG> (Thumb, 0 bytes, Stack size unknown bytes, __scatter.o(!!!scatter), UNUSED)

<P><STRONG><a name="[53]"></a>__scatterload_copy</STRONG> (Thumb, 26 bytes, Stack size unknown bytes, __scatter_copy.o(!!handler_copy), UNUSED)
<BR><BR>[Calls]<UL><LI><a href="#[53]">&gt;&gt;</a>&nbsp;&nbsp;&nbsp;__scatterload_copy
</UL>
<BR>[Called By]<UL><LI><a href="#[53]">&gt;&gt;</a>&nbsp;&nbsp;&nbsp;__scatterload_copy
</UL>

<P><STRONG><a name="[71]"></a>__scatterload_zeroinit</STRONG> (Thumb, 28 bytes, Stack size unknown bytes, __scatter_zi.o(!!handler_zi), UNUSED)

<P><STRONG><a name="[59]"></a>__rt_lib_init</STRONG> (Thumb, 0 bytes, Stack size unknown bytes, libinit.o(.ARM.Collect$$libinit$$00000000))
<BR><BR>[Called By]<UL><LI><a href="#[58]">&gt;&gt;</a>&nbsp;&nbsp;&nbsp;__rt_entry_li
</UL>

<P><STRONG><a name="[54]"></a>__rt_lib_init_fp_1</STRONG> (Thumb, 0 bytes, Stack size unknown bytes, libinit2.o(.ARM.Collect$$libinit$$00000001))
<BR><BR>[Calls]<UL><LI><a href="#[55]">&gt;&gt;</a>&nbsp;&nbsp;&nbsp;_fp_init
</UL>

<P><STRONG><a name="[72]"></a>__rt_lib_init_alloca_1</STRONG> (Thumb, 0 bytes, Stack size unknown bytes, libinit2.o(.ARM.Collect$$libinit$$0000002E))

<P><STRONG><a name="[73]"></a>__rt_lib_init_argv_1</STRONG> (Thumb, 0 bytes, Stack size unknown bytes, libinit2.o(.ARM.Collect$$libinit$$0000002C))

<P><STRONG><a name="[74]"></a>__rt_lib_init_atexit_1</STRONG> (Thumb, 0 bytes, Stack size unknown bytes, libinit2.o(.ARM.Collect$$libinit$$0000001B))

<P><STRONG><a name="[75]"></a>__rt_lib_init_clock_1</STRONG> (Thumb, 0 bytes, Stack size unknown bytes, libinit2.o(.ARM.Collect$$libinit$$00000021))

<P><STRONG><a name="[76]"></a>__rt_lib_init_cpp_1</STRONG> (Thumb, 0 bytes, Stack size unknown bytes, libinit2.o(.ARM.Collect$$libinit$$00000032))

<P><STRONG><a name="[77]"></a>__rt_lib_init_exceptions_1</STRONG> (Thumb, 0 bytes, Stack size unknown bytes, libinit2.o(.ARM.Collect$$libinit$$00000030))

<P><STRONG><a name="[78]"></a>__rt_lib_init_fp_trap_1</STRONG> (Thumb, 0 bytes, Stack size unknown bytes, libinit2.o(.ARM.Collect$$libinit$$0000001F))

<P><STRONG><a name="[79]"></a>__rt_lib_init_getenv_1</STRONG> (Thumb, 0 bytes, Stack size unknown bytes, libinit2.o(.ARM.Collect$$libinit$$00000023))

<P><STRONG><a name="[7a]"></a>__rt_lib_init_heap_1</STRONG> (Thumb, 0 bytes, Stack size unknown bytes, libinit2.o(.ARM.Collect$$libinit$$0000000A))

<P><STRONG><a name="[7b]"></a>__rt_lib_init_lc_collate_1</STRONG> (Thumb, 0 bytes, Stack size unknown bytes, libinit2.o(.ARM.Collect$$libinit$$00000011))

<P><STRONG><a name="[7c]"></a>__rt_lib_init_lc_ctype_1</STRONG> (Thumb, 0 bytes, Stack size unknown bytes, libinit2.o(.ARM.Collect$$libinit$$00000013))

<P><STRONG><a name="[7d]"></a>__rt_lib_init_lc_monetary_1</STRONG> (Thumb, 0 bytes, Stack size unknown bytes, libinit2.o(.ARM.Collect$$libinit$$00000015))

<P><STRONG><a name="[7e]"></a>__rt_lib_init_lc_numeric_1</STRONG> (Thumb, 0 bytes, Stack size unknown bytes, libinit2.o(.ARM.Collect$$libinit$$00000017))

<P><STRONG><a name="[7f]"></a>__rt_lib_init_lc_time_1</STRONG> (Thumb, 0 bytes, Stack size unknown bytes, libinit2.o(.ARM.Collect$$libinit$$00000019))

<P><STRONG><a name="[80]"></a>__rt_lib_init_preinit_1</STRONG> (Thumb, 0 bytes, Stack size unknown bytes, libinit2.o(.ARM.Collect$$libinit$$00000004))

<P><STRONG><a name="[81]"></a>__rt_lib_init_rand_1</STRONG> (Thumb, 0 bytes, Stack size unknown bytes, libinit2.o(.ARM.Collect$$libinit$$0000000E))

<P><STRONG><a name="[82]"></a>__rt_lib_init_return</STRONG> (Thumb, 0 bytes, Stack size unknown bytes, libinit2.o(.ARM.Collect$$libinit$$00000033))

<P><STRONG><a name="[83]"></a>__rt_lib_init_signal_1</STRONG> (Thumb, 0 bytes, Stack size unknown bytes, libinit2.o(.ARM.Collect$$libinit$$0000001D))

<P><STRONG><a name="[84]"></a>__rt_lib_init_stdio_1</STRONG> (Thumb, 0 bytes, Stack size unknown bytes, libinit2.o(.ARM.Collect$$libinit$$00000025))

<P><STRONG><a name="[85]"></a>__rt_lib_init_user_alloc_1</STRONG> (Thumb, 0 bytes, Stack size unknown bytes, libinit2.o(.ARM.Collect$$libinit$$0000000C))

<P><STRONG><a name="[5e]"></a>__rt_lib_shutdown</STRONG> (Thumb, 0 bytes, Stack size unknown bytes, libshutdown.o(.ARM.Collect$$libshutdown$$00000000))
<BR><BR>[Called By]<UL><LI><a href="#[5d]">&gt;&gt;</a>&nbsp;&nbsp;&nbsp;__rt_exit_ls
</UL>

<P><STRONG><a name="[86]"></a>__rt_lib_shutdown_cpp_1</STRONG> (Thumb, 0 bytes, Stack size unknown bytes, libshutdown2.o(.ARM.Collect$$libshutdown$$00000002))

<P><STRONG><a name="[87]"></a>__rt_lib_shutdown_fp_trap_1</STRONG> (Thumb, 0 bytes, Stack size unknown bytes, libshutdown2.o(.ARM.Collect$$libshutdown$$00000007))

<P><STRONG><a name="[88]"></a>__rt_lib_shutdown_heap_1</STRONG> (Thumb, 0 bytes, Stack size unknown bytes, libshutdown2.o(.ARM.Collect$$libshutdown$$0000000F))

<P><STRONG><a name="[89]"></a>__rt_lib_shutdown_return</STRONG> (Thumb, 0 bytes, Stack size unknown bytes, libshutdown2.o(.ARM.Collect$$libshutdown$$00000010))

<P><STRONG><a name="[8a]"></a>__rt_lib_shutdown_signal_1</STRONG> (Thumb, 0 bytes, Stack size unknown bytes, libshutdown2.o(.ARM.Collect$$libshutdown$$0000000A))

<P><STRONG><a name="[8b]"></a>__rt_lib_shutdown_stdio_1</STRONG> (Thumb, 0 bytes, Stack size unknown bytes, libshutdown2.o(.ARM.Collect$$libshutdown$$00000004))

<P><STRONG><a name="[8c]"></a>__rt_lib_shutdown_user_alloc_1</STRONG> (Thumb, 0 bytes, Stack size unknown bytes, libshutdown2.o(.ARM.Collect$$libshutdown$$0000000C))

<P><STRONG><a name="[51]"></a>__rt_entry</STRONG> (Thumb, 0 bytes, Stack size unknown bytes, __rtentry.o(.ARM.Collect$$rtentry$$00000000))
<BR><BR>[Called By]<UL><LI><a href="#[4f]">&gt;&gt;</a>&nbsp;&nbsp;&nbsp;__main
<LI><a href="#[52]">&gt;&gt;</a>&nbsp;&nbsp;&nbsp;__scatterload_rt2
</UL>

<P><STRONG><a name="[8d]"></a>__rt_entry_presh_1</STRONG> (Thumb, 0 bytes, Stack size unknown bytes, __rtentry2.o(.ARM.Collect$$rtentry$$00000002))

<P><STRONG><a name="[56]"></a>__rt_entry_sh</STRONG> (Thumb, 0 bytes, Stack size unknown bytes, __rtentry4.o(.ARM.Collect$$rtentry$$00000004))
<BR><BR>[Stack]<UL><LI>Max Depth = 8 + Unknown Stack Size
<LI>Call Chain = __rt_entry_sh &rArr; __user_setup_stackheap
</UL>
<BR>[Calls]<UL><LI><a href="#[57]">&gt;&gt;</a>&nbsp;&nbsp;&nbsp;__user_setup_stackheap
</UL>

<P><STRONG><a name="[58]"></a>__rt_entry_li</STRONG> (Thumb, 0 bytes, Stack size unknown bytes, __rtentry2.o(.ARM.Collect$$rtentry$$0000000A))
<BR><BR>[Calls]<UL><LI><a href="#[59]">&gt;&gt;</a>&nbsp;&nbsp;&nbsp;__rt_lib_init
</UL>

<P><STRONG><a name="[8e]"></a>__rt_entry_postsh_1</STRONG> (Thumb, 0 bytes, Stack size unknown bytes, __rtentry2.o(.ARM.Collect$$rtentry$$00000009))

<P><STRONG><a name="[5a]"></a>__rt_entry_main</STRONG> (Thumb, 0 bytes, Stack size unknown bytes, __rtentry2.o(.ARM.Collect$$rtentry$$0000000D))
<BR><BR>[Stack]<UL><LI>Max Depth = 144 + Unknown Stack Size
<LI>Call Chain = __rt_entry_main &rArr; main &rArr; boot_op &rArr; __aeabi_memcpy4
</UL>
<BR>[Calls]<UL><LI><a href="#[5c]">&gt;&gt;</a>&nbsp;&nbsp;&nbsp;exit
<LI><a href="#[5b]">&gt;&gt;</a>&nbsp;&nbsp;&nbsp;main
</UL>

<P><STRONG><a name="[8f]"></a>__rt_entry_postli_1</STRONG> (Thumb, 0 bytes, Stack size unknown bytes, __rtentry2.o(.ARM.Collect$$rtentry$$0000000C))

<P><STRONG><a name="[63]"></a>__rt_exit</STRONG> (Thumb, 0 bytes, Stack size unknown bytes, rtexit.o(.ARM.Collect$$rtexit$$00000000))
<BR><BR>[Called By]<UL><LI><a href="#[5c]">&gt;&gt;</a>&nbsp;&nbsp;&nbsp;exit
</UL>

<P><STRONG><a name="[5d]"></a>__rt_exit_ls</STRONG> (Thumb, 0 bytes, Stack size unknown bytes, rtexit2.o(.ARM.Collect$$rtexit$$00000003))
<BR><BR>[Calls]<UL><LI><a href="#[5e]">&gt;&gt;</a>&nbsp;&nbsp;&nbsp;__rt_lib_shutdown
</UL>

<P><STRONG><a name="[90]"></a>__rt_exit_prels_1</STRONG> (Thumb, 0 bytes, Stack size unknown bytes, rtexit2.o(.ARM.Collect$$rtexit$$00000002))

<P><STRONG><a name="[5f]"></a>__rt_exit_exit</STRONG> (Thumb, 0 bytes, Stack size unknown bytes, rtexit2.o(.ARM.Collect$$rtexit$$00000004))
<BR><BR>[Calls]<UL><LI><a href="#[60]">&gt;&gt;</a>&nbsp;&nbsp;&nbsp;_sys_exit
</UL>

<P><STRONG><a name="[3]"></a>Reset_Handler</STRONG> (Thumb, 8 bytes, Stack size 0 bytes, startup_lpc43xx.o(.text))
<BR>[Address Reference Count : 1]<UL><LI> startup_lpc43xx.o(RESET)
</UL>
<P><STRONG><a name="[4]"></a>NMI_Handler</STRONG> (Thumb, 2 bytes, Stack size 0 bytes, startup_lpc43xx.o(.text))
<BR><BR>[Calls]<UL><LI><a href="#[4]">&gt;&gt;</a>&nbsp;&nbsp;&nbsp;NMI_Handler
</UL>
<BR>[Called By]<UL><LI><a href="#[4]">&gt;&gt;</a>&nbsp;&nbsp;&nbsp;NMI_Handler
</UL>
<BR>[Address Reference Count : 1]<UL><LI> startup_lpc43xx.o(RESET)
</UL>
<P><STRONG><a name="[5]"></a>HardFault_Handler</STRONG> (Thumb, 2 bytes, Stack size 0 bytes, startup_lpc43xx.o(.text))
<BR><BR>[Calls]<UL><LI><a href="#[5]">&gt;&gt;</a>&nbsp;&nbsp;&nbsp;HardFault_Handler
</UL>
<BR>[Called By]<UL><LI><a href="#[5]">&gt;&gt;</a>&nbsp;&nbsp;&nbsp;HardFault_Handler
</UL>
<BR>[Address Reference Count : 1]<UL><LI> startup_lpc43xx.o(RESET)
</UL>
<P><STRONG><a name="[6]"></a>MemManage_Handler</STRONG> (Thumb, 2 bytes, Stack size 0 bytes, startup_lpc43xx.o(.text))
<BR><BR>[Calls]<UL><LI><a href="#[6]">&gt;&gt;</a>&nbsp;&nbsp;&nbsp;MemManage_Handler
</UL>
<BR>[Called By]<UL><LI><a href="#[6]">&gt;&gt;</a>&nbsp;&nbsp;&nbsp;MemManage_Handler
</UL>
<BR>[Address Reference Count : 1]<UL><LI> startup_lpc43xx.o(RESET)
</UL>
<P><STRONG><a name="[7]"></a>BusFault_Handler</STRONG> (Thumb, 2 bytes, Stack size 0 bytes, startup_lpc43xx.o(.text))
<BR><BR>[Calls]<UL><LI><a href="#[7]">&gt;&gt;</a>&nbsp;&nbsp;&nbsp;BusFault_Handler
</UL>
<BR>[Called By]<UL><LI><a href="#[7]">&gt;&gt;</a>&nbsp;&nbsp;&nbsp;BusFault_Handler
</UL>
<BR>[Address Reference Count : 1]<UL><LI> startup_lpc43xx.o(RESET)
</UL>
<P><STRONG><a name="[8]"></a>UsageFault_Handler</STRONG> (Thumb, 2 bytes, Stack size 0 bytes, startup_lpc43xx.o(.text))
<BR><BR>[Calls]<UL><LI><a href="#[8]">&gt;&gt;</a>&nbsp;&nbsp;&nbsp;UsageFault_Handler
</UL>
<BR>[Called By]<UL><LI><a href="#[8]">&gt;&gt;</a>&nbsp;&nbsp;&nbsp;UsageFault_Handler
</UL>
<BR>[Address Reference Count : 1]<UL><LI> startup_lpc43xx.o(RESET)
</UL>
<P><STRONG><a name="[9]"></a>SVC_Handler</STRONG> (Thumb, 2 bytes, Stack size 0 bytes, startup_lpc43xx.o(.text))
<BR><BR>[Calls]<UL><LI><a href="#[9]">&gt;&gt;</a>&nbsp;&nbsp;&nbsp;SVC_Handler
</UL>
<BR>[Called By]<UL><LI><a href="#[9]">&gt;&gt;</a>&nbsp;&nbsp;&nbsp;SVC_Handler
</UL>
<BR>[Address Reference Count : 1]<UL><LI> startup_lpc43xx.o(RESET)
</UL>
<P><STRONG><a name="[a]"></a>DebugMon_Handler</STRONG> (Thumb, 2 bytes, Stack size 0 bytes, startup_lpc43xx.o(.text))
<BR><BR>[Calls]<UL><LI><a href="#[a]">&gt;&gt;</a>&nbsp;&nbsp;&nbsp;DebugMon_Handler
</UL>
<BR>[Called By]<UL><LI><a href="#[a]">&gt;&gt;</a>&nbsp;&nbsp;&nbsp;DebugMon_Handler
</UL>
<BR>[Address Reference Count : 1]<UL><LI> startup_lpc43xx.o(RESET)
</UL>
<P><STRONG><a name="[b]"></a>PendSV_Handler</STRONG> (Thumb, 2 bytes, Stack size 0 bytes, startup_lpc43xx.o(.text))
<BR><BR>[Calls]<UL><LI><a href="#[b]">&gt;&gt;</a>&nbsp;&nbsp;&nbsp;PendSV_Handler
</UL>
<BR>[Called By]<UL><LI><a href="#[b]">&gt;&gt;</a>&nbsp;&nbsp;&nbsp;PendSV_Handler
</UL>
<BR>[Address Reference Count : 1]<UL><LI> startup_lpc43xx.o(RESET)
</UL>
<P><STRONG><a name="[c]"></a>SysTick_Handler</STRONG> (Thumb, 2 bytes, Stack size 0 bytes, startup_lpc43xx.o(.text))
<BR><BR>[Calls]<UL><LI><a href="#[c]">&gt;&gt;</a>&nbsp;&nbsp;&nbsp;SysTick_Handler
</UL>
<BR>[Called By]<UL><LI><a href="#[c]">&gt;&gt;</a>&nbsp;&nbsp;&nbsp;SysTick_Handler
</UL>
<BR>[Address Reference Count : 1]<UL><LI> startup_lpc43xx.o(RESET)
</UL>
<P><STRONG><a name="[1d]"></a>ADC0_IRQHandler</STRONG> (Thumb, 0 bytes, Stack size 0 bytes, startup_lpc43xx.o(.text))
<BR><BR>[Calls]<UL><LI><a href="#[1d]">&gt;&gt;</a>&nbsp;&nbsp;&nbsp;ADC0_IRQHandler
</UL>
<BR>[Called By]<UL><LI><a href="#[1d]">&gt;&gt;</a>&nbsp;&nbsp;&nbsp;ADC0_IRQHandler
</UL>
<BR>[Address Reference Count : 1]<UL><LI> startup_lpc43xx.o(RESET)
</UL>
<P><STRONG><a name="[21]"></a>ADC1_IRQHandler</STRONG> (Thumb, 0 bytes, Stack size 0 bytes, startup_lpc43xx.o(.text))
<BR>[Address Reference Count : 1]<UL><LI> startup_lpc43xx.o(RESET)
</UL>
<P><STRONG><a name="[38]"></a>ADCHS_IRQHandler</STRONG> (Thumb, 0 bytes, Stack size 0 bytes, startup_lpc43xx.o(.text))
<BR>[Address Reference Count : 1]<UL><LI> startup_lpc43xx.o(RESET)
</UL>
<P><STRONG><a name="[39]"></a>ATIMER_IRQHandler</STRONG> (Thumb, 0 bytes, Stack size 0 bytes, startup_lpc43xx.o(.text))
<BR>[Address Reference Count : 1]<UL><LI> startup_lpc43xx.o(RESET)
</UL>
<P><STRONG><a name="[3d]"></a>C_CAN0_IRQHandler</STRONG> (Thumb, 0 bytes, Stack size 0 bytes, startup_lpc43xx.o(.text))
<BR>[Address Reference Count : 1]<UL><LI> startup_lpc43xx.o(RESET)
</UL>
<P><STRONG><a name="[37]"></a>C_CAN1_IRQHandler</STRONG> (Thumb, 0 bytes, Stack size 0 bytes, startup_lpc43xx.o(.text))
<BR>[Address Reference Count : 1]<UL><LI> startup_lpc43xx.o(RESET)
</UL>
<P><STRONG><a name="[d]"></a>DAC_IRQHandler</STRONG> (Thumb, 0 bytes, Stack size 0 bytes, startup_lpc43xx.o(.text))
<BR>[Address Reference Count : 1]<UL><LI> startup_lpc43xx.o(RESET)
</UL>
<P><STRONG><a name="[f]"></a>DMA_IRQHandler</STRONG> (Thumb, 0 bytes, Stack size 0 bytes, startup_lpc43xx.o(.text))
<BR>[Address Reference Count : 1]<UL><LI> startup_lpc43xx.o(RESET)
</UL>
<P><STRONG><a name="[11]"></a>ETHERNET_IRQHandler</STRONG> (Thumb, 0 bytes, Stack size 0 bytes, startup_lpc43xx.o(.text))
<BR>[Address Reference Count : 1]<UL><LI> startup_lpc43xx.o(RESET)
</UL>
<P><STRONG><a name="[36]"></a>EVENTROUTER_IRQHandler</STRONG> (Thumb, 0 bytes, Stack size 0 bytes, startup_lpc43xx.o(.text))
<BR>[Address Reference Count : 1]<UL><LI> startup_lpc43xx.o(RESET)
</UL>
<P><STRONG><a name="[10]"></a>FLASHEEPROM_IRQHandler</STRONG> (Thumb, 0 bytes, Stack size 0 bytes, startup_lpc43xx.o(.text))
<BR>[Address Reference Count : 1]<UL><LI> startup_lpc43xx.o(RESET)
</UL>
<P><STRONG><a name="[34]"></a>GINT0_IRQHandler</STRONG> (Thumb, 0 bytes, Stack size 0 bytes, startup_lpc43xx.o(.text))
<BR>[Address Reference Count : 1]<UL><LI> startup_lpc43xx.o(RESET)
</UL>
<P><STRONG><a name="[35]"></a>GINT1_IRQHandler</STRONG> (Thumb, 0 bytes, Stack size 0 bytes, startup_lpc43xx.o(.text))
<BR>[Address Reference Count : 1]<UL><LI> startup_lpc43xx.o(RESET)
</UL>
<P><STRONG><a name="[1e]"></a>I2C0_IRQHandler</STRONG> (Thumb, 0 bytes, Stack size 0 bytes, startup_lpc43xx.o(.text))
<BR>[Address Reference Count : 1]<UL><LI> startup_lpc43xx.o(RESET)
</UL>
<P><STRONG><a name="[1f]"></a>I2C1_IRQHandler</STRONG> (Thumb, 0 bytes, Stack size 0 bytes, startup_lpc43xx.o(.text))
<BR>[Address Reference Count : 1]<UL><LI> startup_lpc43xx.o(RESET)
</UL>
<P><STRONG><a name="[28]"></a>I2S0_IRQHandler</STRONG> (Thumb, 0 bytes, Stack size 0 bytes, startup_lpc43xx.o(.text))
<BR>[Address Reference Count : 1]<UL><LI> startup_lpc43xx.o(RESET)
</UL>
<P><STRONG><a name="[29]"></a>I2S1_IRQHandler</STRONG> (Thumb, 0 bytes, Stack size 0 bytes, startup_lpc43xx.o(.text))
<BR>[Address Reference Count : 1]<UL><LI> startup_lpc43xx.o(RESET)
</UL>
<P><STRONG><a name="[13]"></a>LCD_IRQHandler</STRONG> (Thumb, 0 bytes, Stack size 0 bytes, startup_lpc43xx.o(.text))
<BR>[Address Reference Count : 1]<UL><LI> startup_lpc43xx.o(RESET)
</UL>
<P><STRONG><a name="[e]"></a>M0APP_IRQHandler</STRONG> (Thumb, 0 bytes, Stack size 0 bytes, startup_lpc43xx.o(.text))
<BR>[Address Reference Count : 1]<UL><LI> startup_lpc43xx.o(RESET)
</UL>
<P><STRONG><a name="[3c]"></a>M0SUB_IRQHandler</STRONG> (Thumb, 0 bytes, Stack size 0 bytes, startup_lpc43xx.o(.text))
<BR>[Address Reference Count : 1]<UL><LI> startup_lpc43xx.o(RESET)
</UL>
<P><STRONG><a name="[1c]"></a>MCPWM_IRQHandler</STRONG> (Thumb, 0 bytes, Stack size 0 bytes, startup_lpc43xx.o(.text))
<BR>[Address Reference Count : 1]<UL><LI> startup_lpc43xx.o(RESET)
</UL>
<P><STRONG><a name="[2c]"></a>PIN_INT0_IRQHandler</STRONG> (Thumb, 0 bytes, Stack size 0 bytes, startup_lpc43xx.o(.text))
<BR>[Address Reference Count : 1]<UL><LI> startup_lpc43xx.o(RESET)
</UL>
<P><STRONG><a name="[2d]"></a>PIN_INT1_IRQHandler</STRONG> (Thumb, 0 bytes, Stack size 0 bytes, startup_lpc43xx.o(.text))
<BR>[Address Reference Count : 1]<UL><LI> startup_lpc43xx.o(RESET)
</UL>
<P><STRONG><a name="[2e]"></a>PIN_INT2_IRQHandler</STRONG> (Thumb, 0 bytes, Stack size 0 bytes, startup_lpc43xx.o(.text))
<BR>[Address Reference Count : 1]<UL><LI> startup_lpc43xx.o(RESET)
</UL>
<P><STRONG><a name="[2f]"></a>PIN_INT3_IRQHandler</STRONG> (Thumb, 0 bytes, Stack size 0 bytes, startup_lpc43xx.o(.text))
<BR>[Address Reference Count : 1]<UL><LI> startup_lpc43xx.o(RESET)
</UL>
<P><STRONG><a name="[30]"></a>PIN_INT4_IRQHandler</STRONG> (Thumb, 0 bytes, Stack size 0 bytes, startup_lpc43xx.o(.text))
<BR>[Address Reference Count : 1]<UL><LI> startup_lpc43xx.o(RESET)
</UL>
<P><STRONG><a name="[31]"></a>PIN_INT5_IRQHandler</STRONG> (Thumb, 0 bytes, Stack size 0 bytes, startup_lpc43xx.o(.text))
<BR>[Address Reference Count : 1]<UL><LI> startup_lpc43xx.o(RESET)
</UL>
<P><STRONG><a name="[32]"></a>PIN_INT6_IRQHandler</STRONG> (Thumb, 0 bytes, Stack size 0 bytes, startup_lpc43xx.o(.text))
<BR>[Address Reference Count : 1]<UL><LI> startup_lpc43xx.o(RESET)
</UL>
<P><STRONG><a name="[33]"></a>PIN_INT7_IRQHandler</STRONG> (Thumb, 0 bytes, Stack size 0 bytes, startup_lpc43xx.o(.text))
<BR>[Address Reference Count : 1]<UL><LI> startup_lpc43xx.o(RESET)
</UL>
<P><STRONG><a name="[3e]"></a>QEI_IRQHandler</STRONG> (Thumb, 0 bytes, Stack size 0 bytes, startup_lpc43xx.o(.text))
<BR>[Address Reference Count : 1]<UL><LI> startup_lpc43xx.o(RESET)
</UL>
<P><STRONG><a name="[17]"></a>RITIMER_IRQHandler</STRONG> (Thumb, 0 bytes, Stack size 0 bytes, startup_lpc43xx.o(.text))
<BR>[Address Reference Count : 1]<UL><LI> startup_lpc43xx.o(RESET)
</UL>
<P><STRONG><a name="[3a]"></a>RTC_IRQHandler</STRONG> (Thumb, 0 bytes, Stack size 0 bytes, startup_lpc43xx.o(.text))
<BR>[Address Reference Count : 1]<UL><LI> startup_lpc43xx.o(RESET)
</UL>
<P><STRONG><a name="[16]"></a>SCT_IRQHandler</STRONG> (Thumb, 0 bytes, Stack size 0 bytes, startup_lpc43xx.o(.text))
<BR>[Address Reference Count : 1]<UL><LI> startup_lpc43xx.o(RESET)
</UL>
<P><STRONG><a name="[12]"></a>SDIO_IRQHandler</STRONG> (Thumb, 0 bytes, Stack size 0 bytes, startup_lpc43xx.o(.text))
<BR>[Address Reference Count : 1]<UL><LI> startup_lpc43xx.o(RESET)
</UL>
<P><STRONG><a name="[2b]"></a>SGPIO_IRQHandler</STRONG> (Thumb, 0 bytes, Stack size 0 bytes, startup_lpc43xx.o(.text))
<BR>[Address Reference Count : 1]<UL><LI> startup_lpc43xx.o(RESET)
</UL>
<P><STRONG><a name="[2a]"></a>SPIFI_IRQHandler</STRONG> (Thumb, 0 bytes, Stack size 0 bytes, startup_lpc43xx.o(.text))
<BR>[Address Reference Count : 1]<UL><LI> startup_lpc43xx.o(RESET)
</UL>
<P><STRONG><a name="[20]"></a>SPI_IRQHandler</STRONG> (Thumb, 0 bytes, Stack size 0 bytes, startup_lpc43xx.o(.text))
<BR>[Address Reference Count : 1]<UL><LI> startup_lpc43xx.o(RESET)
</UL>
<P><STRONG><a name="[22]"></a>SSP0_IRQHandler</STRONG> (Thumb, 0 bytes, Stack size 0 bytes, startup_lpc43xx.o(.text))
<BR>[Address Reference Count : 1]<UL><LI> startup_lpc43xx.o(RESET)
</UL>
<P><STRONG><a name="[23]"></a>SSP1_IRQHandler</STRONG> (Thumb, 0 bytes, Stack size 0 bytes, startup_lpc43xx.o(.text))
<BR>[Address Reference Count : 1]<UL><LI> startup_lpc43xx.o(RESET)
</UL>
<P><STRONG><a name="[18]"></a>TIMER0_IRQHandler</STRONG> (Thumb, 0 bytes, Stack size 0 bytes, startup_lpc43xx.o(.text))
<BR>[Address Reference Count : 1]<UL><LI> startup_lpc43xx.o(RESET)
</UL>
<P><STRONG><a name="[19]"></a>TIMER1_IRQHandler</STRONG> (Thumb, 0 bytes, Stack size 0 bytes, startup_lpc43xx.o(.text))
<BR>[Address Reference Count : 1]<UL><LI> startup_lpc43xx.o(RESET)
</UL>
<P><STRONG><a name="[1a]"></a>TIMER2_IRQHandler</STRONG> (Thumb, 0 bytes, Stack size 0 bytes, startup_lpc43xx.o(.text))
<BR>[Address Reference Count : 1]<UL><LI> startup_lpc43xx.o(RESET)
</UL>
<P><STRONG><a name="[1b]"></a>TIMER3_IRQHandler</STRONG> (Thumb, 0 bytes, Stack size 0 bytes, startup_lpc43xx.o(.text))
<BR>[Address Reference Count : 1]<UL><LI> startup_lpc43xx.o(RESET)
</UL>
<P><STRONG><a name="[25]"></a>UART1_IRQHandler</STRONG> (Thumb, 0 bytes, Stack size 0 bytes, startup_lpc43xx.o(.text))
<BR>[Address Reference Count : 1]<UL><LI> startup_lpc43xx.o(RESET)
</UL>
<P><STRONG><a name="[24]"></a>USART0_IRQHandler</STRONG> (Thumb, 0 bytes, Stack size 0 bytes, startup_lpc43xx.o(.text))
<BR>[Address Reference Count : 1]<UL><LI> startup_lpc43xx.o(RESET)
</UL>
<P><STRONG><a name="[26]"></a>USART2_IRQHandler</STRONG> (Thumb, 0 bytes, Stack size 0 bytes, startup_lpc43xx.o(.text))
<BR>[Address Reference Count : 1]<UL><LI> startup_lpc43xx.o(RESET)
</UL>
<P><STRONG><a name="[27]"></a>USART3_IRQHandler</STRONG> (Thumb, 0 bytes, Stack size 0 bytes, startup_lpc43xx.o(.text))
<BR>[Address Reference Count : 1]<UL><LI> startup_lpc43xx.o(RESET)
</UL>
<P><STRONG><a name="[14]"></a>USB0_IRQHandler</STRONG> (Thumb, 0 bytes, Stack size 0 bytes, startup_lpc43xx.o(.text))
<BR>[Address Reference Count : 1]<UL><LI> startup_lpc43xx.o(RESET)
</UL>
<P><STRONG><a name="[15]"></a>USB1_IRQHandler</STRONG> (Thumb, 0 bytes, Stack size 0 bytes, startup_lpc43xx.o(.text))
<BR>[Address Reference Count : 1]<UL><LI> startup_lpc43xx.o(RESET)
</UL>
<P><STRONG><a name="[3b]"></a>WWDT_IRQHandler</STRONG> (Thumb, 0 bytes, Stack size 0 bytes, startup_lpc43xx.o(.text))
<BR>[Address Reference Count : 1]<UL><LI> startup_lpc43xx.o(RESET)
</UL>
<P><STRONG><a name="[62]"></a>__user_initial_stackheap</STRONG> (Thumb, 0 bytes, Stack size unknown bytes, startup_lpc43xx.o(.text))
<BR><BR>[Called By]<UL><LI><a href="#[57]">&gt;&gt;</a>&nbsp;&nbsp;&nbsp;__user_setup_stackheap
</UL>

<P><STRONG><a name="[68]"></a>__aeabi_memcpy4</STRONG> (Thumb, 0 bytes, Stack size 8 bytes, rt_memcpy_w.o(.text))
<BR><BR>[Stack]<UL><LI>Max Depth = 8<LI>Call Chain = __aeabi_memcpy4
</UL>
<BR>[Called By]<UL><LI><a href="#[67]">&gt;&gt;</a>&nbsp;&nbsp;&nbsp;boot_op
</UL>

<P><STRONG><a name="[91]"></a>__aeabi_memcpy8</STRONG> (Thumb, 0 bytes, Stack size 8 bytes, rt_memcpy_w.o(.text), UNUSED)

<P><STRONG><a name="[92]"></a>__rt_memcpy_w</STRONG> (Thumb, 100 bytes, Stack size 8 bytes, rt_memcpy_w.o(.text), UNUSED)

<P><STRONG><a name="[93]"></a>_memcpy_lastbytes_aligned</STRONG> (Thumb, 0 bytes, Stack size unknown bytes, rt_memcpy_w.o(.text), UNUSED)

<P><STRONG><a name="[6a]"></a>__aeabi_memclr4</STRONG> (Thumb, 0 bytes, Stack size 4 bytes, rt_memclr_w.o(.text))
<BR><BR>[Stack]<UL><LI>Max Depth = 4<LI>Call Chain = __aeabi_memclr4
</UL>
<BR>[Called By]<UL><LI><a href="#[69]">&gt;&gt;</a>&nbsp;&nbsp;&nbsp;cacuate_crc32
</UL>

<P><STRONG><a name="[94]"></a>__aeabi_memclr8</STRONG> (Thumb, 0 bytes, Stack size 4 bytes, rt_memclr_w.o(.text), UNUSED)

<P><STRONG><a name="[95]"></a>__rt_memclr_w</STRONG> (Thumb, 78 bytes, Stack size 4 bytes, rt_memclr_w.o(.text), UNUSED)

<P><STRONG><a name="[96]"></a>_memset_w</STRONG> (Thumb, 0 bytes, Stack size unknown bytes, rt_memclr_w.o(.text), UNUSED)

<P><STRONG><a name="[97]"></a>__use_two_region_memory</STRONG> (Thumb, 2 bytes, Stack size 0 bytes, heapauxi.o(.text), UNUSED)

<P><STRONG><a name="[98]"></a>__rt_heap_escrow$2region</STRONG> (Thumb, 2 bytes, Stack size 0 bytes, heapauxi.o(.text), UNUSED)

<P><STRONG><a name="[99]"></a>__rt_heap_expand$2region</STRONG> (Thumb, 2 bytes, Stack size 0 bytes, heapauxi.o(.text), UNUSED)

<P><STRONG><a name="[57]"></a>__user_setup_stackheap</STRONG> (Thumb, 74 bytes, Stack size 8 bytes, sys_stackheap_outer.o(.text))
<BR><BR>[Stack]<UL><LI>Max Depth = 8 + Unknown Stack Size
<LI>Call Chain = __user_setup_stackheap
</UL>
<BR>[Calls]<UL><LI><a href="#[61]">&gt;&gt;</a>&nbsp;&nbsp;&nbsp;__user_perproc_libspace
<LI><a href="#[62]">&gt;&gt;</a>&nbsp;&nbsp;&nbsp;__user_initial_stackheap
</UL>
<BR>[Called By]<UL><LI><a href="#[56]">&gt;&gt;</a>&nbsp;&nbsp;&nbsp;__rt_entry_sh
</UL>

<P><STRONG><a name="[5c]"></a>exit</STRONG> (Thumb, 18 bytes, Stack size 8 bytes, exit.o(.text))
<BR><BR>[Stack]<UL><LI>Max Depth = 8 + Unknown Stack Size
<LI>Call Chain = exit
</UL>
<BR>[Calls]<UL><LI><a href="#[63]">&gt;&gt;</a>&nbsp;&nbsp;&nbsp;__rt_exit
</UL>
<BR>[Called By]<UL><LI><a href="#[5a]">&gt;&gt;</a>&nbsp;&nbsp;&nbsp;__rt_entry_main
</UL>

<P><STRONG><a name="[9a]"></a>__user_libspace</STRONG> (Thumb, 8 bytes, Stack size 0 bytes, libspace.o(.text), UNUSED)

<P><STRONG><a name="[61]"></a>__user_perproc_libspace</STRONG> (Thumb, 0 bytes, Stack size 0 bytes, libspace.o(.text))
<BR><BR>[Called By]<UL><LI><a href="#[57]">&gt;&gt;</a>&nbsp;&nbsp;&nbsp;__user_setup_stackheap
</UL>

<P><STRONG><a name="[9b]"></a>__user_perthread_libspace</STRONG> (Thumb, 0 bytes, Stack size 0 bytes, libspace.o(.text), UNUSED)

<P><STRONG><a name="[60]"></a>_sys_exit</STRONG> (Thumb, 8 bytes, Stack size 0 bytes, sys_exit.o(.text))
<BR><BR>[Called By]<UL><LI><a href="#[5f]">&gt;&gt;</a>&nbsp;&nbsp;&nbsp;__rt_exit_exit
</UL>

<P><STRONG><a name="[9c]"></a>__I$use$semihosting</STRONG> (Thumb, 0 bytes, Stack size 0 bytes, use_no_semi.o(.text), UNUSED)

<P><STRONG><a name="[9d]"></a>__use_no_semihosting_swi</STRONG> (Thumb, 2 bytes, Stack size 0 bytes, use_no_semi.o(.text), UNUSED)

<P><STRONG><a name="[9e]"></a>__semihosting_library_function</STRONG> (Thumb, 0 bytes, Stack size unknown bytes, indicate_semi.o(.text), UNUSED)

<P><STRONG><a name="[65]"></a>GetClkSel</STRONG> (Thumb, 114 bytes, Stack size 0 bytes, system_lpc43xx.o(i.GetClkSel))
<BR><BR>[Called By]<UL><LI><a href="#[64]">&gt;&gt;</a>&nbsp;&nbsp;&nbsp;GetClockFreq
</UL>

<P><STRONG><a name="[64]"></a>GetClockFreq</STRONG> (Thumb, 182 bytes, Stack size 32 bytes, system_lpc43xx.o(i.GetClockFreq))
<BR><BR>[Stack]<UL><LI>Max Depth = 32<LI>Call Chain = GetClockFreq
</UL>
<BR>[Calls]<UL><LI><a href="#[65]">&gt;&gt;</a>&nbsp;&nbsp;&nbsp;GetClkSel
</UL>
<BR>[Called By]<UL><LI><a href="#[66]">&gt;&gt;</a>&nbsp;&nbsp;&nbsp;SystemCoreClockUpdate
</UL>

<P><STRONG><a name="[66]"></a>SystemCoreClockUpdate</STRONG> (Thumb, 20 bytes, Stack size 4 bytes, system_lpc43xx.o(i.SystemCoreClockUpdate))
<BR><BR>[Stack]<UL><LI>Max Depth = 36<LI>Call Chain = SystemCoreClockUpdate &rArr; GetClockFreq
</UL>
<BR>[Calls]<UL><LI><a href="#[64]">&gt;&gt;</a>&nbsp;&nbsp;&nbsp;GetClockFreq
</UL>
<BR>[Called By]<UL><LI><a href="#[5b]">&gt;&gt;</a>&nbsp;&nbsp;&nbsp;main
</UL>

<P><STRONG><a name="[3f]"></a>SystemInit</STRONG> (Thumb, 46 bytes, Stack size 0 bytes, system_lpc43xx.o(i.SystemInit))
<BR>[Address Reference Count : 1]<UL><LI> startup_lpc43xx.o(.text)
</UL>
<P><STRONG><a name="[67]"></a>boot_op</STRONG> (Thumb, 142 bytes, Stack size 120 bytes, boot_op.o(i.boot_op))
<BR><BR>[Stack]<UL><LI>Max Depth = 128<LI>Call Chain = boot_op &rArr; __aeabi_memcpy4
</UL>
<BR>[Calls]<UL><LI><a href="#[68]">&gt;&gt;</a>&nbsp;&nbsp;&nbsp;__aeabi_memcpy4
</UL>
<BR>[Called By]<UL><LI><a href="#[5b]">&gt;&gt;</a>&nbsp;&nbsp;&nbsp;main
</UL>

<P><STRONG><a name="[69]"></a>cacuate_crc32</STRONG> (Thumb, 104 bytes, Stack size 1048 bytes, crc32.o(i.cacuate_crc32))
<BR><BR>[Stack]<UL><LI>Max Depth = 1052<LI>Call Chain = cacuate_crc32 &rArr; __aeabi_memclr4
</UL>
<BR>[Calls]<UL><LI><a href="#[6a]">&gt;&gt;</a>&nbsp;&nbsp;&nbsp;__aeabi_memclr4
</UL>
<BR>[Called By]<UL><LI><a href="#[49]">&gt;&gt;</a>&nbsp;&nbsp;&nbsp;flash_program
<LI><a href="#[4a]">&gt;&gt;</a>&nbsp;&nbsp;&nbsp;flash_compare
<LI><a href="#[42]">&gt;&gt;</a>&nbsp;&nbsp;&nbsp;eeprom_program
<LI><a href="#[43]">&gt;&gt;</a>&nbsp;&nbsp;&nbsp;eeprom_compare
</UL>

<P><STRONG><a name="[43]"></a>eeprom_compare</STRONG> (Thumb, 78 bytes, Stack size 24 bytes, eeprom.o(i.eeprom_compare))
<BR><BR>[Stack]<UL><LI>Max Depth = 1076<LI>Call Chain = eeprom_compare &rArr; cacuate_crc32 &rArr; __aeabi_memclr4
</UL>
<BR>[Calls]<UL><LI><a href="#[69]">&gt;&gt;</a>&nbsp;&nbsp;&nbsp;cacuate_crc32
</UL>
<BR>[Address Reference Count : 1]<UL><LI> eeprom.o(.data)
</UL>
<P><STRONG><a name="[42]"></a>eeprom_program</STRONG> (Thumb, 104 bytes, Stack size 24 bytes, eeprom.o(i.eeprom_program))
<BR><BR>[Stack]<UL><LI>Max Depth = 1076<LI>Call Chain = eeprom_program &rArr; cacuate_crc32 &rArr; __aeabi_memclr4
</UL>
<BR>[Calls]<UL><LI><a href="#[69]">&gt;&gt;</a>&nbsp;&nbsp;&nbsp;cacuate_crc32
</UL>
<BR>[Address Reference Count : 1]<UL><LI> eeprom.o(.data)
</UL>
<P><STRONG><a name="[44]"></a>eeprom_read</STRONG> (Thumb, 32 bytes, Stack size 8 bytes, eeprom.o(i.eeprom_read))
<BR><BR>[Stack]<UL><LI>Max Depth = 8<LI>Call Chain = eeprom_read
</UL>
<BR>[Address Reference Count : 1]<UL><LI> eeprom.o(.data)
</UL>
<P><STRONG><a name="[5b]"></a>main</STRONG> (Thumb, 22 bytes, Stack size 16 bytes, main.o(i.main))
<BR><BR>[Stack]<UL><LI>Max Depth = 144<LI>Call Chain = main &rArr; boot_op &rArr; __aeabi_memcpy4
</UL>
<BR>[Calls]<UL><LI><a href="#[66]">&gt;&gt;</a>&nbsp;&nbsp;&nbsp;SystemCoreClockUpdate
<LI><a href="#[67]">&gt;&gt;</a>&nbsp;&nbsp;&nbsp;boot_op
</UL>
<BR>[Called By]<UL><LI><a href="#[5a]">&gt;&gt;</a>&nbsp;&nbsp;&nbsp;__rt_entry_main
</UL>

<P><STRONG><a name="[55]"></a>_fp_init</STRONG> (Thumb, 10 bytes, Stack size 0 bytes, fpinit.o(x$fpl$fpinit))
<BR><BR>[Called By]<UL><LI><a href="#[54]">&gt;&gt;</a>&nbsp;&nbsp;&nbsp;__rt_lib_init_fp_1
</UL>

<P><STRONG><a name="[9f]"></a>__fplib_config_fpu_vfp</STRONG> (Thumb, 0 bytes, Stack size unknown bytes, fpinit.o(x$fpl$fpinit), UNUSED)

<P><STRONG><a name="[a0]"></a>__fplib_config_pureend_doubles</STRONG> (Thumb, 0 bytes, Stack size unknown bytes, fpinit.o(x$fpl$fpinit), UNUSED)
<P>
<H3>
Local Symbols
</H3>
<P><STRONG><a name="[41]"></a>eeprom_init</STRONG> (Thumb, 44 bytes, Stack size 0 bytes, eeprom.o(i.eeprom_init))
<BR>[Address Reference Count : 1]<UL><LI> eeprom.o(.data)
</UL>
<P><STRONG><a name="[47]"></a>flash_blankcheck</STRONG> (Thumb, 40 bytes, Stack size 48 bytes, flash.o(i.flash_blankcheck))
<BR><BR>[Stack]<UL><LI>Max Depth = 48<LI>Call Chain = flash_blankcheck
</UL>
<BR>[Address Reference Count : 1]<UL><LI> flash.o(.data)
</UL>
<P><STRONG><a name="[4a]"></a>flash_compare</STRONG> (Thumb, 70 bytes, Stack size 64 bytes, flash.o(i.flash_compare))
<BR><BR>[Stack]<UL><LI>Max Depth = 1116<LI>Call Chain = flash_compare &rArr; cacuate_crc32 &rArr; __aeabi_memclr4
</UL>
<BR>[Calls]<UL><LI><a href="#[69]">&gt;&gt;</a>&nbsp;&nbsp;&nbsp;cacuate_crc32
</UL>
<BR>[Address Reference Count : 1]<UL><LI> flash.o(.data)
</UL>
<P><STRONG><a name="[48]"></a>flash_erase</STRONG> (Thumb, 74 bytes, Stack size 72 bytes, flash.o(i.flash_erase))
<BR><BR>[Stack]<UL><LI>Max Depth = 120<LI>Call Chain = flash_erase &rArr; iap_prepare_for_write
</UL>
<BR>[Calls]<UL><LI><a href="#[6b]">&gt;&gt;</a>&nbsp;&nbsp;&nbsp;iap_prepare_for_write
</UL>
<BR>[Address Reference Count : 1]<UL><LI> flash.o(.data)
</UL>
<P><STRONG><a name="[46]"></a>flash_idcheck</STRONG> (Thumb, 54 bytes, Stack size 56 bytes, flash.o(i.flash_idcheck))
<BR><BR>[Stack]<UL><LI>Max Depth = 56<LI>Call Chain = flash_idcheck
</UL>
<BR>[Address Reference Count : 1]<UL><LI> flash.o(.data)
</UL>
<P><STRONG><a name="[49]"></a>flash_program</STRONG> (Thumb, 114 bytes, Stack size 80 bytes, flash.o(i.flash_program))
<BR><BR>[Stack]<UL><LI>Max Depth = 1132<LI>Call Chain = flash_program &rArr; cacuate_crc32 &rArr; __aeabi_memclr4
</UL>
<BR>[Calls]<UL><LI><a href="#[6b]">&gt;&gt;</a>&nbsp;&nbsp;&nbsp;iap_prepare_for_write
<LI><a href="#[69]">&gt;&gt;</a>&nbsp;&nbsp;&nbsp;cacuate_crc32
</UL>
<BR>[Address Reference Count : 1]<UL><LI> flash.o(.data)
</UL>
<P><STRONG><a name="[4b]"></a>flash_secure</STRONG> (Thumb, 46 bytes, Stack size 48 bytes, flash.o(i.flash_secure))
<BR><BR>[Stack]<UL><LI>Max Depth = 48<LI>Call Chain = flash_secure
</UL>
<BR>[Address Reference Count : 1]<UL><LI> flash.o(.data)
</UL>
<P><STRONG><a name="[45]"></a>iap_init</STRONG> (Thumb, 28 bytes, Stack size 48 bytes, flash.o(i.iap_init))
<BR><BR>[Stack]<UL><LI>Max Depth = 48<LI>Call Chain = iap_init
</UL>
<BR>[Address Reference Count : 1]<UL><LI> flash.o(.data)
</UL>
<P><STRONG><a name="[6b]"></a>iap_prepare_for_write</STRONG> (Thumb, 36 bytes, Stack size 48 bytes, flash.o(i.iap_prepare_for_write))
<BR><BR>[Stack]<UL><LI>Max Depth = 48<LI>Call Chain = iap_prepare_for_write
</UL>
<BR>[Called By]<UL><LI><a href="#[49]">&gt;&gt;</a>&nbsp;&nbsp;&nbsp;flash_program
<LI><a href="#[48]">&gt;&gt;</a>&nbsp;&nbsp;&nbsp;flash_erase
</UL>

<P><STRONG><a name="[6c]"></a>get_otp_api</STRONG> (Thumb, 12 bytes, Stack size 0 bytes, otp.o(i.get_otp_api))
<BR><BR>[Called By]<UL><LI><a href="#[6e]">&gt;&gt;</a>&nbsp;&nbsp;&nbsp;otp_program_gpx
<LI><a href="#[6d]">&gt;&gt;</a>&nbsp;&nbsp;&nbsp;otp_program_gp2x
<LI><a href="#[4d]">&gt;&gt;</a>&nbsp;&nbsp;&nbsp;otp_program
<LI><a href="#[4c]">&gt;&gt;</a>&nbsp;&nbsp;&nbsp;otp_int
</UL>

<P><STRONG><a name="[4e]"></a>otp_compare</STRONG> (Thumb, 84 bytes, Stack size 16 bytes, otp.o(i.otp_compare))
<BR><BR>[Stack]<UL><LI>Max Depth = 16<LI>Call Chain = otp_compare
</UL>
<BR>[Address Reference Count : 1]<UL><LI> otp.o(.data)
</UL>
<P><STRONG><a name="[4c]"></a>otp_int</STRONG> (Thumb, 14 bytes, Stack size 8 bytes, otp.o(i.otp_int))
<BR><BR>[Stack]<UL><LI>Max Depth = 8<LI>Call Chain = otp_int
</UL>
<BR>[Calls]<UL><LI><a href="#[6c]">&gt;&gt;</a>&nbsp;&nbsp;&nbsp;get_otp_api
</UL>
<BR>[Called By]<UL><LI><a href="#[4d]">&gt;&gt;</a>&nbsp;&nbsp;&nbsp;otp_program
</UL>
<BR>[Address Reference Count : 1]<UL><LI> otp.o(.data)
</UL>
<P><STRONG><a name="[4d]"></a>otp_program</STRONG> (Thumb, 210 bytes, Stack size 40 bytes, otp.o(i.otp_program))
<BR><BR>[Stack]<UL><LI>Max Depth = 56<LI>Call Chain = otp_program &rArr; otp_program_gpx
</UL>
<BR>[Calls]<UL><LI><a href="#[6e]">&gt;&gt;</a>&nbsp;&nbsp;&nbsp;otp_program_gpx
<LI><a href="#[6d]">&gt;&gt;</a>&nbsp;&nbsp;&nbsp;otp_program_gp2x
<LI><a href="#[4c]">&gt;&gt;</a>&nbsp;&nbsp;&nbsp;otp_int
<LI><a href="#[6c]">&gt;&gt;</a>&nbsp;&nbsp;&nbsp;get_otp_api
</UL>
<BR>[Address Reference Count : 1]<UL><LI> otp.o(.data)
</UL>
<P><STRONG><a name="[6d]"></a>otp_program_gp2x</STRONG> (Thumb, 46 bytes, Stack size 16 bytes, otp.o(i.otp_program_gp2x))
<BR><BR>[Stack]<UL><LI>Max Depth = 16<LI>Call Chain = otp_program_gp2x
</UL>
<BR>[Calls]<UL><LI><a href="#[6c]">&gt;&gt;</a>&nbsp;&nbsp;&nbsp;get_otp_api
</UL>
<BR>[Called By]<UL><LI><a href="#[4d]">&gt;&gt;</a>&nbsp;&nbsp;&nbsp;otp_program
</UL>

<P><STRONG><a name="[6e]"></a>otp_program_gpx</STRONG> (Thumb, 46 bytes, Stack size 16 bytes, otp.o(i.otp_program_gpx))
<BR><BR>[Stack]<UL><LI>Max Depth = 16<LI>Call Chain = otp_program_gpx
</UL>
<BR>[Calls]<UL><LI><a href="#[6c]">&gt;&gt;</a>&nbsp;&nbsp;&nbsp;get_otp_api
</UL>
<BR>[Called By]<UL><LI><a href="#[4d]">&gt;&gt;</a>&nbsp;&nbsp;&nbsp;otp_program
</UL>
<P>
<H3>
Undefined Global Symbols
</H3><HR></body></html>
